^DBTBL("SYSDEV",5,"ZTLRJGLC")="Teller Journal GL (ZTLRJGL)"
^DBTBL("SYSDEV",5,"ZTLRJGLC",-5)="2|1|2|64,0,0,0,0,0|10|12|66|13|3|||0|132"
^DBTBL("SYSDEV",5,"ZTLRJGLC",0)="ZTLRJGL|||0|132|60|0|0|0|5.3|||0|||1|0|0"
^DBTBL("SYSDEV",5,"ZTLRJGLC",1)="[SYSDEV,ZTLRJGL]TJD|1|1|*|A"
^DBTBL("SYSDEV",5,"ZTLRJGLC",2)="[SYSDEV,ZTLRJGL]BRCD|1|1|*|A"
^DBTBL("SYSDEV",5,"ZTLRJGLC",3)="[SYSDEV,ZTLRJGL]UID|1|1|*|A"
^DBTBL("SYSDEV",5,"ZTLRJGLC",4)="[SYSDEV,ZTLRJGL]TSEQ|0|1|*|A"
^DBTBL("SYSDEV",5,"ZTLRJGLC",5)="[SYSDEV,ZTLRJGL]GLAC|0|1|*|A"
^DBTBL("SYSDEV",5,"ZTLRJGLC",31)="[ZTLRJGL]TJD <<*/PRO=Transaction Date/DEF=TJD-1>>"
^DBTBL("SYSDEV",5,"ZTLRJGLC",31.001)="[ZTLRJGL]BRCD <<**/PRO=Branch>>"
^DBTBL("SYSDEV",5,"ZTLRJGLC",31.002)="[ZTLRJGL]UID <<**/PRO=Teller ID>>"
^DBTBL("SYSDEV",5,"ZTLRJGLC",31.003)="[ZTLRJGL]TSEQ <<**/PRO=Posting Sequence>>"
^DBTBL("SYSDEV",5,"ZTLRJGLC",31.004)="[ZTLRJGL]CRCD <<**>>"
^DBTBL("SYSDEV",5,"ZTLRJGLC","@PH",0)="10,1,1"
^DBTBL("SYSDEV",5,"ZTLRJGLC","@PH",101)="1001|@1|40|T||@1|<<CONAM>>"
^DBTBL("SYSDEV",5,"ZTLRJGLC","@PH",102)="1100|@2|9|T||@2|Run Date:"
^DBTBL("SYSDEV",5,"ZTLRJGLC","@PH",103)="1110|@3|10|T||@3|<<xrundate>>||1"
^DBTBL("SYSDEV",5,"ZTLRJGLC","@PH",103,1)="        S xrundate=$$ZDTECONV^ZJIMCONV(vrundate)"
^DBTBL("SYSDEV",5,"ZTLRJGLC","@PH",104)="1123|@4|8|T||@4|<<%TIM>>"
^DBTBL("SYSDEV",5,"ZTLRJGLC","@PH",105)="2001|@5|80|T||@5|<<RN>>"
^DBTBL("SYSDEV",5,"ZTLRJGLC","@PH",106)="2102|@6|7|T||@6|System:"
^DBTBL("SYSDEV",5,"ZTLRJGLC","@PH",107)="2110|@7|10|T||@7|<<xsysdate>>||1"
^DBTBL("SYSDEV",5,"ZTLRJGLC","@PH",107,1)="        S xsysdate=$$ZDTECONV^ZJIMCONV(vsysdate)"
^DBTBL("SYSDEV",5,"ZTLRJGLC","@PH",108)="2122|@8|5|T||@8|Page:"
^DBTBL("SYSDEV",5,"ZTLRJGLC","@PH",109)="2128|@9|3|N||@9|<<VPN,N,3>>"
^DBTBL("SYSDEV",5,"ZTLRJGLC","@PH",110)="4001|@10|7|T||@10|Branch:"
^DBTBL("SYSDEV",5,"ZTLRJGLC","@PH",111)="4009|BRCD|6|N||[SYSDEV,ZTLRJGL]BRCD||1"
^DBTBL("SYSDEV",5,"ZTLRJGLC","@PH",111,21)=" N ZBRCD"
^DBTBL("SYSDEV",5,"ZTLRJGLC","@PH",111,22)=" S ZBRCD=rwrs.getCol(""ZTLRJGL.BRCD"")"
^DBTBL("SYSDEV",5,"ZTLRJGLC","@PH",111,23)=" S (ZBRNAME,ZCC,ZCCNAME)="""""
^DBTBL("SYSDEV",5,"ZTLRJGLC","@PH",111,24)=" I ZBRCD'="""" D {"
^DBTBL("SYSDEV",5,"ZTLRJGLC","@PH",111,25)="        if 'Db.isDefined(""UTBLBRCD"",""BRCD=:ZBRCD"") quit"
^DBTBL("SYSDEV",5,"ZTLRJGLC","@PH",111,26)="        type RecordUTBLBRCD utblbrcd=Db.getRecord(""UTBLBRCD"",""BRCD=:ZBRCD"")"
^DBTBL("SYSDEV",5,"ZTLRJGLC","@PH",111,27)="        S ZBRNAME=utblbrcd.DESC"
^DBTBL("SYSDEV",5,"ZTLRJGLC","@PH",111,28)="        S ZCC=utblbrcd.CCDEF"
^DBTBL("SYSDEV",5,"ZTLRJGLC","@PH",111,29)="        if 'Db.isDefined(""UTBLCCNTR"",""CC=:ZCC"") quit"
^DBTBL("SYSDEV",5,"ZTLRJGLC","@PH",111,30)="        type RecordUTBLCCNTR zcc=Db.getRecord(""UTBLCCNTR"",""CC=:ZCC"")"
^DBTBL("SYSDEV",5,"ZTLRJGLC","@PH",111,31)="        S ZCCNAME=zcc.desc"
^DBTBL("SYSDEV",5,"ZTLRJGLC","@PH",111,32)=" }"
^DBTBL("SYSDEV",5,"ZTLRJGLC","@PH",112)="4017|@11|20|T||@11|<<ZBRNAME>>"
^DBTBL("SYSDEV",5,"ZTLRJGLC","@PH",113)="5001|@12|13|T||@12|Cost Center: "
^DBTBL("SYSDEV",5,"ZTLRJGLC","@PH",114)="5014|@13|4|N||@13|<<ZCC,N,4>>"
^DBTBL("SYSDEV",5,"ZTLRJGLC","@PH",115)="5022|@14|20|T||@14|<<ZCCNAME>>"
^DBTBL("SYSDEV",5,"ZTLRJGLC","@PH",116)="6001|@15|10|T||@15|Teller ID:"
^DBTBL("SYSDEV",5,"ZTLRJGLC","@PH",117)="6013|UID|20|T||[SYSDEV,ZTLRJGL]UID|"
^DBTBL("SYSDEV",5,"ZTLRJGLC","@PH",118)="7001|@16|16|T||@16|Balancing Date: "
^DBTBL("SYSDEV",5,"ZTLRJGLC","@PH",119)="7017|@17|10|T||@17|<<ZTJD>>||1"
^DBTBL("SYSDEV",5,"ZTLRJGLC","@PH",119,1)="        S ZTJD=$$ZDTECONV^ZJIMCONV(rwrs.getCol(""ZTLRJGL.TJD""))"
^DBTBL("SYSDEV",5,"ZTLRJGLC","@PH",120)="8001|@18|132|T||@18|------------------------------------------------------------------------------------------------------------------------------------"
^DBTBL("SYSDEV",5,"ZTLRJGLC","@PH",121)="9004|@19|4|T||@19|Seq."
^DBTBL("SYSDEV",5,"ZTLRJGLC","@PH",122)="9010|@20|11|T||@20|Transaction"
^DBTBL("SYSDEV",5,"ZTLRJGLC","@PH",123)="9029|@21|11|T||@21|Description"
^DBTBL("SYSDEV",5,"ZTLRJGLC","@PH",124)="9055|@22|10|T||@22|GL A/C No."
^DBTBL("SYSDEV",5,"ZTLRJGLC","@PH",125)="9067|@23|18|T||@23|GL A/C Description"
^DBTBL("SYSDEV",5,"ZTLRJGLC","@PH",126)="9089|@24|5|T||@24|Curr."
^DBTBL("SYSDEV",5,"ZTLRJGLC","@PH",127)="9096|@25|2|T||@25|CC"
^DBTBL("SYSDEV",5,"ZTLRJGLC","@PH",128)="9107|@26|5|T||@26|Debit"
^DBTBL("SYSDEV",5,"ZTLRJGLC","@PH",129)="9120|@27|6|T||@27|Credit"
^DBTBL("SYSDEV",5,"ZTLRJGLC","@PH",130)="10001|@28|132|T||@28|------------------------------------------------------------------------------------------------------------------------------------"
^DBTBL("SYSDEV",5,"ZTLRJGLC","@RS",0)="1,1,1"
^DBTBL("SYSDEV",5,"ZTLRJGLC","[SYSDEV,TTX]BRCD",0)="3,3,3"
^DBTBL("SYSDEV",5,"ZTLRJGLC","[SYSDEV,TTX]TJD",0)="3,3,3"
^DBTBL("SYSDEV",5,"ZTLRJGLC","[SYSDEV,TTX]TSEQ",0)="1,1,1"
^DBTBL("SYSDEV",5,"ZTLRJGLC","[SYSDEV,TTX]UID",0)="3,3,3"
^DBTBL("SYSDEV",5,"ZTLRJGLC","[SYSDEV,ZTLRJGL]GLAC",0)="1,1,1"
^DBTBL("SYSDEV",5,"ZTLRJGLC","[SYSDEV,ZTLRJGL]GLAC",101)="3002|TSEQ|7|N||[SYSDEV,ZTLRJGL]TSEQ|"
^DBTBL("SYSDEV",5,"ZTLRJGLC","[SYSDEV,ZTLRJGL]GLAC",102)="3011|ETC|10|T||[SYSDEV,ZTLRJGL]ETC||1"
^DBTBL("SYSDEV",5,"ZTLRJGLC","[SYSDEV,ZTLRJGL]GLAC",102,21)="  N ZETC"
^DBTBL("SYSDEV",5,"ZTLRJGLC","[SYSDEV,ZTLRJGL]GLAC",102,22)="  S ZETC=rwrs.getCol(""ZTLRJGL.ETC"")"
^DBTBL("SYSDEV",5,"ZTLRJGLC","[SYSDEV,ZTLRJGL]GLAC",102,23)="  I ZETC'="""" D {"
^DBTBL("SYSDEV",5,"ZTLRJGLC","[SYSDEV,ZTLRJGL]GLAC",102,24)="        if 'Db.isDefined(""TRN"",""ETC=:ZETC"") quit"
^DBTBL("SYSDEV",5,"ZTLRJGLC","[SYSDEV,ZTLRJGL]GLAC",102,25)="        type RecordTRN ztrn=Db.getRecord(""TRN"",""ETC=:ZETC"")"
^DBTBL("SYSDEV",5,"ZTLRJGLC","[SYSDEV,ZTLRJGL]GLAC",102,26)="        S ZETCNAME=ztrn.DES"
^DBTBL("SYSDEV",5,"ZTLRJGLC","[SYSDEV,ZTLRJGL]GLAC",102,27)="  }"
^DBTBL("SYSDEV",5,"ZTLRJGLC","[SYSDEV,ZTLRJGL]GLAC",102,28)="  I ZETC="""" S ZETCNAME="""""
^DBTBL("SYSDEV",5,"ZTLRJGLC","[SYSDEV,ZTLRJGL]GLAC",103)="3023|@29|30|T||@29|<<ZETCNAME>>"
^DBTBL("SYSDEV",5,"ZTLRJGLC","[SYSDEV,ZTLRJGL]GLAC",104)="3055|GLAC|8|N||[SYSDEV,ZTLRJGL]GLAC||1"
^DBTBL("SYSDEV",5,"ZTLRJGLC","[SYSDEV,ZTLRJGL]GLAC",104,21)="  new ZCID"
^DBTBL("SYSDEV",5,"ZTLRJGLC","[SYSDEV,ZTLRJGL]GLAC",104,22)="  set ZGLNAME="""""
^DBTBL("SYSDEV",5,"ZTLRJGLC","[SYSDEV,ZTLRJGL]GLAC",104,23)="  set ZCID=rwrs.getCol(""ZTLRJGL.GLAC"")"
^DBTBL("SYSDEV",5,"ZTLRJGLC","[SYSDEV,ZTLRJGL]GLAC",104,24)="  if Db.isDefined(""GLAD"",""ACN=:ZCID"") do {"
^DBTBL("SYSDEV",5,"ZTLRJGLC","[SYSDEV,ZTLRJGL]GLAC",104,25)="        type RecordGLAD zglad=Db.getRecord(""GLAD"",""ACN=:ZCID"")"
^DBTBL("SYSDEV",5,"ZTLRJGLC","[SYSDEV,ZTLRJGL]GLAC",104,26)="        set ZGLNAME=zglad.DESC1"
^DBTBL("SYSDEV",5,"ZTLRJGLC","[SYSDEV,ZTLRJGL]GLAC",104,27)="  }"
^DBTBL("SYSDEV",5,"ZTLRJGLC","[SYSDEV,ZTLRJGL]GLAC",105)="3065|@30|23|T||@30|<<ZGLNAME>>"
^DBTBL("SYSDEV",5,"ZTLRJGLC","[SYSDEV,ZTLRJGL]GLAC",106)="3090|CRCD|3|T||[SYSDEV,ZTLRJGL]CRCD|"
^DBTBL("SYSDEV",5,"ZTLRJGLC","[SYSDEV,ZTLRJGL]GLAC",107)="3095|CC|4|N||[SYSDEV,ZTLRJGL]CC|"
^DBTBL("SYSDEV",5,"ZTLRJGLC","[SYSDEV,ZTLRJGL]GLAC",108)="3101|DEBIT|14|E||[SYSDEV,ZTLRJGL]DEBIT|"
^DBTBL("SYSDEV",5,"ZTLRJGLC","[SYSDEV,ZTLRJGL]GLAC",109)="3117|CREDIT|14|E||[SYSDEV,ZTLRJGL]CREDIT|"